Archive member included because of file (symbol)

c:/program files (x86)/atmel/atmel toolchain/arm gcc/native/4.8.1443/arm-gnu-toolchain/bin/../lib/gcc/arm-none-eabi/4.8.4/../../../../arm-none-eabi/lib/armv7-m\libstdc++_s.a(del_op.o)
                              lib/Display.o (operator delete(void*))
c:/program files (x86)/atmel/atmel toolchain/arm gcc/native/4.8.1443/arm-gnu-toolchain/bin/../lib/gcc/arm-none-eabi/4.8.4/../../../../arm-none-eabi/lib/armv7-m\libstdc++_s.a(guard.o)
                              lib/Display.o (__cxa_guard_acquire)
c:/program files (x86)/atmel/atmel toolchain/arm gcc/native/4.8.1443/arm-gnu-toolchain/bin/../lib/gcc/arm-none-eabi/4.8.4/../../../../arm-none-eabi/lib/armv7-m\libm.a(lib_a-s_log2.o)
                              DueRev1.o (log2)
c:/program files (x86)/atmel/atmel toolchain/arm gcc/native/4.8.1443/arm-gnu-toolchain/bin/../lib/gcc/arm-none-eabi/4.8.4/../../../../arm-none-eabi/lib/armv7-m\libm.a(lib_a-w_log.o)
                              c:/program files (x86)/atmel/atmel toolchain/arm gcc/native/4.8.1443/arm-gnu-toolchain/bin/../lib/gcc/arm-none-eabi/4.8.4/../../../../arm-none-eabi/lib/armv7-m\libm.a(lib_a-s_log2.o) (log)
c:/program files (x86)/atmel/atmel toolchain/arm gcc/native/4.8.1443/arm-gnu-toolchain/bin/../lib/gcc/arm-none-eabi/4.8.4/../../../../arm-none-eabi/lib/armv7-m\libm.a(lib_a-e_log.o)
                              c:/program files (x86)/atmel/atmel toolchain/arm gcc/native/4.8.1443/arm-gnu-toolchain/bin/../lib/gcc/arm-none-eabi/4.8.4/../../../../arm-none-eabi/lib/armv7-m\libm.a(lib_a-w_log.o) (__ieee754_log)
c:/program files (x86)/atmel/atmel toolchain/arm gcc/native/4.8.1443/arm-gnu-toolchain/bin/../lib/gcc/arm-none-eabi/4.8.4/../../../../arm-none-eabi/lib/armv7-m\libm.a(lib_a-s_fpclassify.o)
                              c:/program files (x86)/atmel/atmel toolchain/arm gcc/native/4.8.1443/arm-gnu-toolchain/bin/../lib/gcc/arm-none-eabi/4.8.4/../../../../arm-none-eabi/lib/armv7-m\libm.a(lib_a-w_log.o) (__fpclassifyd)
c:/program files (x86)/atmel/atmel toolchain/arm gcc/native/4.8.1443/arm-gnu-toolchain/bin/../lib/gcc/arm-none-eabi/4.8.4/../../../../arm-none-eabi/lib/armv7-m\libm.a(lib_a-s_lib_ver.o)
                              c:/program files (x86)/atmel/atmel toolchain/arm gcc/native/4.8.1443/arm-gnu-toolchain/bin/../lib/gcc/arm-none-eabi/4.8.4/../../../../arm-none-eabi/lib/armv7-m\libm.a(lib_a-w_log.o) (__fdlib_version)
c:/program files (x86)/atmel/atmel toolchain/arm gcc/native/4.8.1443/arm-gnu-toolchain/bin/../lib/gcc/arm-none-eabi/4.8.4/../../../../arm-none-eabi/lib/armv7-m\libm.a(lib_a-s_matherr.o)
                              c:/program files (x86)/atmel/atmel toolchain/arm gcc/native/4.8.1443/arm-gnu-toolchain/bin/../lib/gcc/arm-none-eabi/4.8.4/../../../../arm-none-eabi/lib/armv7-m\libm.a(lib_a-w_log.o) (matherr)
c:/program files (x86)/atmel/atmel toolchain/arm gcc/native/4.8.1443/arm-gnu-toolchain/bin/../lib/gcc/arm-none-eabi/4.8.4/../../../../arm-none-eabi/lib/armv7-m\libm.a(lib_a-s_nan.o)
                              c:/program files (x86)/atmel/atmel toolchain/arm gcc/native/4.8.1443/arm-gnu-toolchain/bin/../lib/gcc/arm-none-eabi/4.8.4/../../../../arm-none-eabi/lib/armv7-m\libm.a(lib_a-w_log.o) (nan)
c:/program files (x86)/atmel/atmel toolchain/arm gcc/native/4.8.1443/arm-gnu-toolchain/bin/../lib/gcc/arm-none-eabi/4.8.4/armv7-m\libgcc.a(_arm_addsubdf3.o)
                              c:/program files (x86)/atmel/atmel toolchain/arm gcc/native/4.8.1443/arm-gnu-toolchain/bin/../lib/gcc/arm-none-eabi/4.8.4/../../../../arm-none-eabi/lib/armv7-m\libm.a(lib_a-e_log.o) (__aeabi_dsub)
c:/program files (x86)/atmel/atmel toolchain/arm gcc/native/4.8.1443/arm-gnu-toolchain/bin/../lib/gcc/arm-none-eabi/4.8.4/armv7-m\libgcc.a(_arm_muldivdf3.o)
                              c:/program files (x86)/atmel/atmel toolchain/arm gcc/native/4.8.1443/arm-gnu-toolchain/bin/../lib/gcc/arm-none-eabi/4.8.4/../../../../arm-none-eabi/lib/armv7-m\libm.a(lib_a-e_log.o) (__aeabi_dmul)
c:/program files (x86)/atmel/atmel toolchain/arm gcc/native/4.8.1443/arm-gnu-toolchain/bin/../lib/gcc/arm-none-eabi/4.8.4/armv7-m\libgcc.a(_arm_cmpdf2.o)
                              c:/program files (x86)/atmel/atmel toolchain/arm gcc/native/4.8.1443/arm-gnu-toolchain/bin/../lib/gcc/arm-none-eabi/4.8.4/../../../../arm-none-eabi/lib/armv7-m\libm.a(lib_a-w_log.o) (__aeabi_dcmpeq)
c:/program files (x86)/atmel/atmel toolchain/arm gcc/native/4.8.1443/arm-gnu-toolchain/bin/../lib/gcc/arm-none-eabi/4.8.4/armv7-m\libgcc.a(_arm_fixdfsi.o)
                              DueRev1.o (__aeabi_d2iz)
c:/program files (x86)/atmel/atmel toolchain/arm gcc/native/4.8.1443/arm-gnu-toolchain/bin/../lib/gcc/arm-none-eabi/4.8.4/armv7-m\libgcc.a(_arm_addsubsf3.o)
                              lib/Display.o (__aeabi_fadd)
c:/program files (x86)/atmel/atmel toolchain/arm gcc/native/4.8.1443/arm-gnu-toolchain/bin/../lib/gcc/arm-none-eabi/4.8.4/armv7-m\libgcc.a(_arm_muldivsf3.o)
[...]
Memory Configuration

Name             Origin             Length             Attributes
rom              0x00080000         0x00080000         xr
ram              0x20000000         0x00018000         xrw
*default*        0x00000000         0xffffffff

Linker script and memory map

LOAD c:/program files (x86)/atmel/atmel toolchain/arm gcc/native/4.8.1443/arm-gnu-toolchain/bin/../lib/gcc/arm-none-eabi/4.8.4/armv7-m/crti.o
LOAD c:/program files (x86)/atmel/atmel toolchain/arm gcc/native/4.8.1443/arm-gnu-toolchain/bin/../lib/gcc/arm-none-eabi/4.8.4/armv7-m/crtbegin.o
LOAD c:/program files (x86)/atmel/atmel toolchain/arm gcc/native/4.8.1443/arm-gnu-toolchain/bin/../lib/gcc/arm-none-eabi/4.8.4/../../../../arm-none-eabi/lib/armv7-m/crt0.o
LOAD cmsis/src/startup_sam3xa.o
LOAD cmsis/src/system_sam3xa.o
LOAD DueRev1.o
LOAD lib/Display.o
LOAD lib/display/Bitmap.o
LOAD lib/driver/Encoders.o
LOAD lib/driver/parameter/SSD1305Params.o
LOAD lib/driver/ShiftRegisters.o
LOAD lib/driver/SPI.o
LOAD lib/driver/SSD1305.o
LOAD lib/Reporting.o
LOAD main.o
START GROUP
LOAD ../../../../arduinoCore\libcore.a
END GROUP
                0x00002000                HEAP_SIZE = 0x2000
                0x00009000                STACK_SIZE = 0x9000
LOAD c:/program files (x86)/atmel/atmel toolchain/arm gcc/native/4.8.1443/arm-gnu-toolchain/bin/../lib/gcc/arm-none-eabi/4.8.4/../../../../arm-none-eabi/lib/armv7-m\libstdc++_s.a
LOAD c:/program files (x86)/atmel/atmel toolchain/arm gcc/native/4.8.1443/arm-gnu-toolchain/bin/../lib/gcc/arm-none-eabi/4.8.4/../../../../arm-none-eabi/lib/armv7-m\libm.a
START GROUP
LOAD c:/program files (x86)/atmel/atmel toolchain/arm gcc/native/4.8.1443/arm-gnu-toolchain/bin/../lib/gcc/arm-none-eabi/4.8.4/armv7-m\libgcc.a
LOAD c:/program files (x86)/atmel/atmel toolchain/arm gcc/native/4.8.1443/arm-gnu-toolchain/bin/../lib/gcc/arm-none-eabi/4.8.4/../../../../arm-none-eabi/lib/armv7-m\libc_s.a
END GROUP
START GROUP
LOAD c:/program files (x86)/atmel/atmel toolchain/arm gcc/native/4.8.1443/arm-gnu-toolchain/bin/../lib/gcc/arm-none-eabi/4.8.4/armv7-m\libgcc.a
LOAD c:/program files (x86)/atmel/atmel toolchain/arm gcc/native/4.8.1443/arm-gnu-toolchain/bin/../lib/gcc/arm-none-eabi/4.8.4/../../../../arm-none-eabi/lib/armv7-m\libc_s.a
LOAD c:/program files (x86)/atmel/atmel toolchain/arm gcc/native/4.8.1443/arm-gnu-toolchain/bin/../lib/gcc/arm-none-eabi/4.8.4/../../../../arm-none-eabi/lib/armv7-m\libnosys.a
END GROUP
START GROUP
LOAD c:/program files (x86)/atmel/atmel toolchain/arm gcc/native/4.8.1443/arm-gnu-toolchain/bin/../lib/gcc/arm-none-eabi/4.8.4/armv7-m\libgcc.a
LOAD c:/program files (x86)/atmel/atmel toolchain/arm gcc/native/4.8.1443/arm-gnu-toolchain/bin/../lib/gcc/arm-none-eabi/4.8.4/../../../../arm-none-eabi/lib/armv7-m\libc_s.a
LOAD c:/program files (x86)/atmel/atmel toolchain/arm gcc/native/4.8.1443/arm-gnu-toolchain/bin/../lib/gcc/arm-none-eabi/4.8.4/../../../../arm-none-eabi/lib/armv7-m\libnosys.a
END GROUP
LOAD c:/program files (x86)/atmel/atmel toolchain/arm gcc/native/4.8.1443/arm-gnu-toolchain/bin/../lib/gcc/arm-none-eabi/4.8.4/armv7-m/crtend.o
LOAD c:/program files (x86)/atmel/atmel toolchain/arm gcc/native/4.8.1443/arm-gnu-toolchain/bin/../lib/gcc/arm-none-eabi/4.8.4/armv7-m/crtn.o
                0x00000400                STACK_SIZE = DEFINED (STACK_SIZE)?STACK_SIZE:0x400
                0x00000200                HEAP_SIZE = DEFINED (HEAP_SIZE)?HEAP_SIZE:0x200

.text           0x00080000     0x235c
                0x00080000                . = ALIGN (0x4)
                0x00080000                _sfixed = .
 *(.vectors .vectors.*)
 .vectors       0x00080000       0xf4 cmsis/src/startup_sam3xa.o
                0x00080000                exception_table
 *(.text .text.* .gnu.linkonce.t.*)
 .text          0x000800f4       0x54 c:/program files (x86)/atmel/atmel toolchain/arm gcc/native/4.8.1443/arm-gnu-toolchain/bin/../lib/gcc/arm-none-eabi/4.8.4/armv7-m/crtbegin.o
 .text.Dummy_Handler
                0x00080148        0x2 cmsis/src/startup_sam3xa.o
                0x00080148                DACC_Handler
                0x00080148                DebugMon_Handler
                0x00080148                DMAC_Handler
                0x00080148                TRNG_Handler
                0x00080148                HardFault_Handler
                0x00080148                TC2_Handler
                0x00080148                SysTick_Handler
                0x00080148                USART3_Handler
                0x00080148                TWI1_Handler
                0x00080148                PendSV_Handler
                0x00080148                NMI_Handler
                0x00080148                TC7_Handler
                0x00080148                ADC_Handler
                0x00080148                SMC_Handler
                0x00080148                USART0_Handler
                0x00080148                RTT_Handler
                0x00080148                EFC1_Handler
                0x00080148                RTC_Handler
                0x00080148                UsageFault_Handler
                0x00080148                TC6_Handler
                0x00080148                WDT_Handler
                0x00080148                CAN0_Handler
                0x00080148                TC4_Handler
                0x00080148                TC1_Handler
                0x00080148                HSMCI_Handler
                0x00080148                TC3_Handler
                0x00080148                Dummy_Handler
                0x00080148                TWI0_Handler
                0x00080148                USART1_Handler
                0x00080148                SSC_Handler
                0x00080148                EFC0_Handler
                0x00080148                PMC_Handler
                0x00080148                PWM_Handler
                0x00080148                CAN1_Handler
                0x00080148                MemManage_Handler
                0x00080148                SUPC_Handler
                0x00080148                SVC_Handler
                0x00080148                TC8_Handler
                0x00080148                USART2_Handler
                0x00080148                EMAC_Handler
                0x00080148                UART_Handler
                0x00080148                BusFault_Handler
                0x00080148                RSTC_Handler
                0x00080148                TC5_Handler
                0x00080148                UOTGHS_Handler
                0x00080148                SPI0_Handler
 *fill*         0x0008014a        0x2 
 .text.Reset_Handler
                0x0008014c       0x70 cmsis/src/startup_sam3xa.o
                0x0008014c                Reset_Handler
 .text.SystemInit
                0x000801bc       0x88 cmsis/src/system_sam3xa.o
                0x000801bc                SystemInit
 .text.TC0_Handler
                0x00080244       0x10 DueRev1.o
                0x00080244                TC0_Handler
 .text._Z10pinSetMode4Porti4Mode
                0x00080254      0x144 DueRev1.o
                0x00080254                pinSetMode(Port, int, Mode)
 .text._Z15pinEnablePullup4Porti
                0x00080398       0x48 DueRev1.o
                0x00080398                pinEnablePullup(Port, int)
 .text._Z16pinDisablePullup4Porti
                0x000803e0       0x48 DueRev1.o
                0x000803e0                pinDisablePullup(Port, int)
 .text._Z12pinSetOutput4Portii
                0x00080428       0x84 DueRev1.o
                0x00080428                pinSetOutput(Port, int, int)
 .text._Z12pinReadInput4Porti
                0x000804ac       0x3c DueRev1.o
                0x000804ac                pinReadInput(Port, int)
 .text._Z15attachInterrupt4PortiPFvS_iE
                0x000804e8       0xe4 DueRev1.o
                0x000804e8                attachInterrupt(Port, int, void (*)(Port, int))
 .text._Z6pioIsr4Port
                0x000805cc       0x7c DueRev1.o
                0x000805cc                pioIsr(Port)
 .text.PIOA_Handler
                0x00080648       0x10 DueRev1.o
                0x00080648                PIOA_Handler
 .text.PIOB_Handler
                0x00080658       0x10 DueRev1.o
                0x00080658                PIOB_Handler
 .text.PIOC_Handler
                0x00080668       0x10 DueRev1.o
                0x00080668                PIOC_Handler
 .text.PIOD_Handler
                0x00080678       0x10 DueRev1.o
                0x00080678                PIOD_Handler
 .text._ZN7SSD13058InstanceEv
                0x00080688       0x38 lib/Display.o
                0x00080688                SSD1305::Instance()
 .text._ZN7DisplayC2Ev
                0x000806c0       0x54 lib/Display.o
                0x000806c0                Display::Display()
                0x000806c0                Display::Display()
 .text._ZN7Display8drawTextEhh4FontPKc
                0x00080714       0xe8 lib/Display.o
                0x00080714                Display::drawText(unsigned char, unsigned char, Font, char const*)
 .text._ZN7Display5clearEv
                0x000807fc       0x10 lib/Display.o
                0x000807fc                Display::clear()
 .text._ZN7Display5paintEv
                0x0008080c       0x18 lib/Display.o
                0x0008080c                Display::paint()
 .text._ZN6BitmapC2EPKh
                0x00080824       0x24 lib/display/Bitmap.o
                0x00080824                Bitmap::Bitmap(unsigned char const*)
                0x00080824                Bitmap::Bitmap(unsigned char const*)
 .text._ZN6Bitmap6moveToEhh
                0x00080848        0x6 lib/display/Bitmap.o
                0x00080848                Bitmap::moveTo(unsigned char, unsigned char)
 .text._ZN6Bitmap12setRectangleEhhhh
                0x0008084e        0xe lib/display/Bitmap.o
                0x0008084e                Bitmap::setRectangle(unsigned char, unsigned char, unsigned char, unsigned char)
 .text._ZN6Bitmap4drawER13SSD1305Params
                0x0008085c       0x68 lib/display/Bitmap.o
                0x0008085c                Bitmap::draw(SSD1305Params&)
 .text._ZN8Encoders5closeEv
                0x000808c4        0x4 lib/driver/Encoders.o
                0x000808c4                Encoders::close()
 .text._ZN8Encoders5writeEPv
                0x000808c8        0x4 lib/driver/Encoders.o
                0x000808c8                Encoders::write(void*)
 .text._ZN8Encoders4readEv
                0x000808cc       0x1a lib/driver/Encoders.o
                0x000808cc                Encoders::read()
 .text._ZN8Encoders5ioctlEiPv
                0x000808e6        0x4 lib/driver/Encoders.o
                0x000808e6                Encoders::ioctl(int, void*)
 *fill*         0x000808ea        0x2 
 .text._ZN8Encoders4openEPv
                0x000808ec       0xcc lib/driver/Encoders.o
                0x000808ec                Encoders::open(void*)
 .text._ZN8Encoders18interrupt_callbackE4Porti
                0x000809b8       0x60 lib/driver/Encoders.o
                0x000809b8                Encoders::interrupt_callback(Port, int)
 .text._Z14__encoders_isr4Porti
                0x00080a18       0x48 lib/driver/Encoders.o
                0x00080a18                __encoders_isr(Port, int)
 .text._ZN13SSD1305ParamsC2Ev
                0x00080a60        0x2 lib/driver/parameter/SSD1305Params.o
                0x00080a60                SSD1305Params::SSD1305Params()
                0x00080a60                SSD1305Params::SSD1305Params()
 .text._ZN13SSD1305ParamsD2Ev
                0x00080a62        0x2 lib/driver/parameter/SSD1305Params.o
                0x00080a62                SSD1305Params::~SSD1305Params()
                0x00080a62                SSD1305Params::~SSD1305Params()
 .text._ZN13SSD1305Params8setPixelEiii
                0x00080a64       0x3e lib/driver/parameter/SSD1305Params.o
                0x00080a64                SSD1305Params::setPixel(int, int, int)
 .text._ZN13SSD1305Params5clearEi
                0x00080aa2       0x16 lib/driver/parameter/SSD1305Params.o
                0x00080aa2                SSD1305Params::clear(int)
 .text._ZN3SPI5closeEv
                0x00080ab8       0x1c lib/driver/SPI.o
                0x00080ab8                SPI::close()
 .text._ZN3SPI4readEv
                0x00080ad4        0x4 lib/driver/SPI.o
                0x00080ad4                SPI::read()
 .text._ZN3SPI4openEPv
                0x00080ad8       0x7c lib/driver/SPI.o
                0x00080ad8                SPI::open(void*)
 .text._ZN3SPI5ioctlEiPv
                0x00080b54       0x14 lib/driver/SPI.o
                0x00080b54                SPI::ioctl(int, void*)
 .text._ZN3SPI5writeEPv
                0x00080b68       0x48 lib/driver/SPI.o
                0x00080b68                SPI::write(void*)
 .text._ZN7SSD13055closeEv
                0x00080bb0        0x4 lib/driver/SSD1305.o
                0x00080bb0                SSD1305::close()
 .text._ZN7SSD13054readEv
                0x00080bb4        0x4 lib/driver/SSD1305.o
                0x00080bb4                SSD1305::read()
 .text._ZN7SSD13055ioctlEiPv
                0x00080bb8        0x4 lib/driver/SSD1305.o
                0x00080bb8                SSD1305::ioctl(int, void*)
 .text._ZN3SPI8InstanceEv
                0x00080bbc       0x3c lib/driver/SSD1305.o
                0x00080bbc                SPI::Instance()
 .text._ZN7SSD13054openEPv
                0x00080bf8      0x2b8 lib/driver/SSD1305.o
                0x00080bf8                SSD1305::open(void*)
 .text._ZN7SSD13055writeEPv
                0x00080eb0       0x88 lib/driver/SSD1305.o
                0x00080eb0                SSD1305::write(void*)
 .text._ZN8Encoders8InstanceEv
                0x00080f38       0x38 main.o
                0x00080f38                Encoders::Instance()
 .text.startup.main
                0x00080f70       0x84 main.o
                0x00080f70                main
 .text.__cxa_guard_acquire
                0x00080ff4       0x1c c:/program files (x86)/atmel/atmel toolchain/arm gcc/native/4.8.1443/arm-gnu-toolchain/bin/../lib/gcc/arm-none-eabi/4.8.4/../../../../arm-none-eabi/lib/armv7-m\libstdc++_s.a(guard.o)
                0x00080ff4                __cxa_guard_acquire
 .text.__cxa_guard_release
                0x00081010        0x6 c:/program files (x86)/atmel/atmel toolchain/arm gcc/native/4.8.1443/arm-gnu-toolchain/bin/../lib/gcc/arm-none-eabi/4.8.4/../../../../arm-none-eabi/lib/armv7-m\libstdc++_s.a(guard.o)
                0x00081010                __cxa_guard_release
 *fill*         0x00081016        0x2 
 .text.log2     0x00081018       0x20 c:/program files (x86)/atmel/atmel toolchain/arm gcc/native/4.8.1443/arm-gnu-toolchain/bin/../lib/gcc/arm-none-eabi/4.8.4/../../../../arm-none-eabi/lib/armv7-m\libm.a(lib_a-s_log2.o)
                0x00081018                log2
 .text.log      0x00081038       0xe4 c:/program files (x86)/atmel/atmel toolchain/arm gcc/native/4.8.1443/arm-gnu-toolchain/bin/../lib/gcc/arm-none-eabi/4.8.4/../../../../arm-none-eabi/lib/armv7-m\libm.a(lib_a-w_log.o)
                0x00081038                log
 *fill*         0x0008111c        0x4 
 .text.__ieee754_log
                0x00081120      0x3f0 c:/program files (x86)/atmel/atmel toolchain/arm gcc/native/4.8.1443/arm-gnu-toolchain/bin/../lib/gcc/arm-none-eabi/4.8.4/../../../../arm-none-eabi/lib/armv7-m\libm.a(lib_a-e_log.o)
                0x00081120                __ieee754_log
 .text.__fpclassifyd
                0x00081510       0x50 c:/program files (x86)/atmel/atmel toolchain/arm gcc/native/4.8.1443/arm-gnu-toolchain/bin/../lib/gcc/arm-none-eabi/4.8.4/../../../../arm-none-eabi/lib/armv7-m\libm.a(lib_a-s_fpclassify.o)
                0x00081510                __fpclassifyd
 .text.matherr  0x00081560        0x4 c:/program files (x86)/atmel/atmel toolchain/arm gcc/native/4.8.1443/arm-gnu-toolchain/bin/../lib/gcc/arm-none-eabi/4.8.4/../../../../arm-none-eabi/lib/armv7-m\libm.a(lib_a-s_matherr.o)
                0x00081560                matherr
 .text.nan      0x00081564        0xc c:/program files (x86)/atmel/atmel toolchain/arm gcc/native/4.8.1443/arm-gnu-toolchain/bin/../lib/gcc/arm-none-eabi/4.8.4/../../../../arm-none-eabi/lib/armv7-m\libm.a(lib_a-s_nan.o)
                0x00081564                nan
 .text          0x00081570      0x370 c:/program files (x86)/atmel/atmel toolchain/arm gcc/native/4.8.1443/arm-gnu-toolchain/bin/../lib/gcc/arm-none-eabi/4.8.4/armv7-m\libgcc.a(_arm_addsubdf3.o)
                0x00081570                __aeabi_drsub
                0x00081578                __aeabi_dsub
                0x00081578                __subdf3
                0x0008157c                __aeabi_dadd
                0x0008157c                __adddf3
                0x000817f4                __floatunsidf
                0x000817f4                __aeabi_ui2d
                0x00081814                __floatsidf
                0x00081814                __aeabi_i2d
                0x00081838                __aeabi_f2d
                0x00081838                __extendsfdf2
                0x00081874                __floatundidf
                0x00081874                __aeabi_ul2d
                0x00081884                __floatdidf
                0x00081884                __aeabi_l2d
 .text          0x000818e0      0x424 c:/program files (x86)/atmel/atmel toolchain/arm gcc/native/4.8.1443/arm-gnu-toolchain/bin/../lib/gcc/arm-none-eabi/4.8.4/armv7-m\libgcc.a(_arm_muldivdf3.o)
                0x000818e0                __aeabi_dmul
                0x000818e0                __muldf3
                0x00081b34                __divdf3
                0x00081b34                __aeabi_ddiv
 .text          0x00081d04      0x110 c:/program files (x86)/atmel/atmel toolchain/arm gcc/native/4.8.1443/arm-gnu-toolchain/bin/../lib/gcc/arm-none-eabi/4.8.4/armv7-m\libgcc.a(_arm_cmpdf2.o)
                0x00081d04                __gtdf2
                0x00081d04                __gedf2
                0x00081d0c                __ltdf2
                0x00081d0c                __ledf2
                0x00081d14                __nedf2
                0x00081d14                __eqdf2
                0x00081d14                __cmpdf2
                0x00081d90                __aeabi_cdrcmple
                0x00081da0                __aeabi_cdcmpeq
                0x00081da0                __aeabi_cdcmple
                0x00081db0                __aeabi_dcmpeq
                0x00081dc4                __aeabi_dcmplt
                0x00081dd8                __aeabi_dcmple
                0x00081dec                __aeabi_dcmpge
                0x00081e00                __aeabi_dcmpgt
 .text          0x00081e14       0x50 c:/program files (x86)/atmel/atmel toolchain/arm gcc/native/4.8.1443/arm-gnu-toolchain/bin/../lib/gcc/arm-none-eabi/4.8.4/armv7-m\libgcc.a(_arm_fixdfsi.o)
                0x00081e14                __aeabi_d2iz
                0x00081e14                __fixdfsi
 .text.abort    0x00081e64        0xe c:/program files (x86)/atmel/atmel toolchain/arm gcc/native/4.8.1443/arm-gnu-toolchain/bin/../lib/gcc/arm-none-eabi/4.8.4/../../../../arm-none-eabi/lib/armv7-m\libc_s.a(lib_a-abort.o)
                0x00081e64                abort
 *fill*         0x00081e72        0x2 
 .text.__errno  0x00081e74        0xc c:/program files (x86)/atmel/atmel toolchain/arm gcc/native/4.8.1443/arm-gnu-toolchain/bin/../lib/gcc/arm-none-eabi/4.8.4/../../../../arm-none-eabi/lib/armv7-m\libc_s.a(lib_a-errno.o)
                0x00081e74                __errno
 .text.__libc_init_array
                0x00081e80       0x4c c:/program files (x86)/atmel/atmel toolchain/arm gcc/native/4.8.1443/arm-gnu-toolchain/bin/../lib/gcc/arm-none-eabi/4.8.4/../../../../arm-none-eabi/lib/armv7-m\libc_s.a(lib_a-init.o)
                0x00081e80                __libc_init_array
 .text.memcpy   0x00081ecc       0x12 c:/program files (x86)/atmel/atmel toolchain/arm gcc/native/4.8.1443/arm-gnu-toolchain/bin/../lib/gcc/arm-none-eabi/4.8.4/../../../../arm-none-eabi/lib/armv7-m\libc_s.a(lib_a-memcpy-stub.o)
                0x00081ecc                memcpy
 .text._raise_r
                0x00081ede       0x50 c:/program files (x86)/atmel/atmel toolchain/arm gcc/native/4.8.1443/arm-gnu-toolchain/bin/../lib/gcc/arm-none-eabi/4.8.4/../../../../arm-none-eabi/lib/armv7-m\libc_s.a(lib_a-signal.o)
                0x00081ede                _raise_r
 *fill*         0x00081f2e        0x2 
 .text.raise    0x00081f30       0x10 c:/program files (x86)/atmel/atmel toolchain/arm gcc/native/4.8.1443/arm-gnu-toolchain/bin/../lib/gcc/arm-none-eabi/4.8.4/../../../../arm-none-eabi/lib/armv7-m\libc_s.a(lib_a-signal.o)
                0x00081f30                raise
 .text._kill_r  0x00081f40       0x24 c:/program files (x86)/atmel/atmel toolchain/arm gcc/native/4.8.1443/arm-gnu-toolchain/bin/../lib/gcc/arm-none-eabi/4.8.4/../../../../arm-none-eabi/lib/armv7-m\libc_s.a(lib_a-signalr.o)
                0x00081f40                _kill_r
 .text._getpid_r
                0x00081f64        0x4 c:/program files (x86)/atmel/atmel toolchain/arm gcc/native/4.8.1443/arm-gnu-toolchain/bin/../lib/gcc/arm-none-eabi/4.8.4/../../../../arm-none-eabi/lib/armv7-m\libc_s.a(lib_a-signalr.o)
                0x00081f64                _getpid_r
 .text._getpid  0x00081f68       0x10 c:/program files (x86)/atmel/atmel toolchain/arm gcc/native/4.8.1443/arm-gnu-toolchain/bin/../lib/gcc/arm-none-eabi/4.8.4/../../../../arm-none-eabi/lib/armv7-m\libnosys.a(getpid.o)
                0x00081f68                _getpid
 .text._kill    0x00081f78       0x10 c:/program files (x86)/atmel/atmel toolchain/arm gcc/native/4.8.1443/arm-gnu-toolchain/bin/../lib/gcc/arm-none-eabi/4.8.4/../../../../arm-none-eabi/lib/armv7-m\libnosys.a(kill.o)
                0x00081f78                _kill
 .text._exit    0x00081f88        0x4 c:/program files (x86)/atmel/atmel toolchain/arm gcc/native/4.8.1443/arm-gnu-toolchain/bin/../lib/gcc/arm-none-eabi/4.8.4/../../../../arm-none-eabi/lib/armv7-m\libnosys.a(_exit.o)
                0x00081f88                _exit
 *(.glue_7t)
 .glue_7t       0x00000000        0x0 linker stubs
 *(.glue_7)
 .glue_7        0x00000000        0x0 linker stubs
 *(.rodata .rodata* .gnu.linkonce.r.*)
 .rodata._ZL10font_small
                0x00081f8c      0x142 lib/Display.o
 .rodata._ZL10font_large
                0x000820ce      0x1c2 lib/Display.o
 .rodata._ZN8Encoders5bPinsE
                0x00082290       0x10 lib/driver/Encoders.o
                0x00082290                Encoders::bPins
 .rodata._ZN8Encoders6aPortsE
                0x000822a0        0x4 lib/driver/Encoders.o
                0x000822a0                Encoders::aPorts
 *fill*         0x000822a4        0x4 
 .rodata._ZTV8Encoders
                0x000822a8       0x20 lib/driver/Encoders.o
                0x000822a8                vtable for Encoders
 .rodata._ZN8Encoders6bPortsE
                0x000822c8        0x4 lib/driver/Encoders.o
                0x000822c8                Encoders::bPorts
 .rodata._ZN8Encoders5aPinsE
                0x000822cc       0x10 lib/driver/Encoders.o
                0x000822cc                Encoders::aPins
 *fill*         0x000822dc        0x4 
 .rodata._ZTV3SPI
                0x000822e0       0x20 lib/driver/SPI.o
                0x000822e0                vtable for SPI
 .rodata._ZTV7SSD1305
                0x00082300       0x20 lib/driver/SSD1305.o
                0x00082300                vtable for SSD1305
 .rodata.str1.1
                0x00082320        0xd main.o
 *fill*         0x0008232d        0x3 
 .rodata.str1.4
                0x00082330        0x8 c:/program files (x86)/atmel/atmel toolchain/arm gcc/native/4.8.1443/arm-gnu-toolchain/bin/../lib/gcc/arm-none-eabi/4.8.4/../../../../arm-none-eabi/lib/armv7-m\libm.a(lib_a-w_log.o)
 .rodata.str1.1
                0x00082338        0x2 c:/program files (x86)/atmel/atmel toolchain/arm gcc/native/4.8.1443/arm-gnu-toolchain/bin/../lib/gcc/arm-none-eabi/4.8.4/../../../../arm-none-eabi/lib/armv7-m\libc_s.a(lib_a-impure.o)
 *(.ARM.extab* .gnu.linkonce.armextab.*)
                0x0008233c                . = ALIGN (0x4)
 *fill*         0x0008233a        0x2 
 *(.init)
 .init          0x0008233c        0x4 c:/program files (x86)/atmel/atmel toolchain/arm gcc/native/4.8.1443/arm-gnu-toolchain/bin/../lib/gcc/arm-none-eabi/4.8.4/armv7-m/crti.o
                0x0008233c                _init
 .init          0x00082340        0x8 c:/program files (x86)/atmel/atmel toolchain/arm gcc/native/4.8.1443/arm-gnu-toolchain/bin/../lib/gcc/arm-none-eabi/4.8.4/armv7-m/crtn.o
                0x00082348                . = ALIGN (0x4)
                0x00082348                __preinit_array_start = .
 *(.preinit_array)
                0x00082348                __preinit_array_end = .
                0x00082348                . = ALIGN (0x4)
                0x00082348                __init_array_start = .
 *(SORT(.init_array.*))
 *(.init_array)
 .init_array    0x00082348        0x4 c:/program files (x86)/atmel/atmel toolchain/arm gcc/native/4.8.1443/arm-gnu-toolchain/bin/../lib/gcc/arm-none-eabi/4.8.4/armv7-m/crtbegin.o
                0x0008234c                __init_array_end = .
                0x0008234c                . = ALIGN (0x4)
 *crtbegin.o(.ctors)
 *(EXCLUDE_FILE(*crtend.o) .ctors)
 *(SORT(.ctors.*))
 *crtend.o(.ctors)
                0x0008234c                . = ALIGN (0x4)
 *(.fini)
 .fini          0x0008234c        0x4 c:/program files (x86)/atmel/atmel toolchain/arm gcc/native/4.8.1443/arm-gnu-toolchain/bin/../lib/gcc/arm-none-eabi/4.8.4/armv7-m/crti.o
                0x0008234c                _fini
 .fini          0x00082350        0x8 c:/program files (x86)/atmel/atmel toolchain/arm gcc/native/4.8.1443/arm-gnu-toolchain/bin/../lib/gcc/arm-none-eabi/4.8.4/armv7-m/crtn.o
                0x00082358                . = ALIGN (0x4)
                0x00082358                __fini_array_start = .
 *(.fini_array)
 .fini_array    0x00082358        0x4 c:/program files (x86)/atmel/atmel toolchain/arm gcc/native/4.8.1443/arm-gnu-toolchain/bin/../lib/gcc/arm-none-eabi/4.8.4/armv7-m/crtbegin.o
 *(SORT(.fini_array.*))
                0x0008235c                __fini_array_end = .
 *crtbegin.o(.dtors)
 *(EXCLUDE_FILE(*crtend.o) .dtors)
 *(SORT(.dtors.*))
 *crtend.o(.dtors)
                0x0008235c                . = ALIGN (0x4)
                0x0008235c                _efixed = .
                0x0008235c                PROVIDE (__exidx_start, .)

.vfp11_veneer   0x0008235c        0x0
 .vfp11_veneer  0x00000000        0x0 linker stubs

.v4_bx          0x0008235c        0x0
 .v4_bx         0x00000000        0x0 linker stubs

.iplt           0x0008235c        0x0
 .iplt          0x00000000        0x0 c:/program files (x86)/atmel/atmel toolchain/arm gcc/native/4.8.1443/arm-gnu-toolchain/bin/../lib/gcc/arm-none-eabi/4.8.4/armv7-m/crtbegin.o

.eh_frame       0x0008235c        0x0
 .eh_frame      0x0008235c        0x0 c:/program files (x86)/atmel/atmel toolchain/arm gcc/native/4.8.1443/arm-gnu-toolchain/bin/../lib/gcc/arm-none-eabi/4.8.4/armv7-m/crtbegin.o

.rel.dyn        0x0008235c        0x0
 .rel.iplt      0x00000000        0x0 c:/program files (x86)/atmel/atmel toolchain/arm gcc/native/4.8.1443/arm-gnu-toolchain/bin/../lib/gcc/arm-none-eabi/4.8.4/armv7-m/crtbegin.o

.jcr            0x0008235c        0x0
 .jcr           0x0008235c        0x0 c:/program files (x86)/atmel/atmel toolchain/arm gcc/native/4.8.1443/arm-gnu-toolchain/bin/../lib/gcc/arm-none-eabi/4.8.4/armv7-m/crtbegin.o

.igot.plt       0x0008235c        0x0
 .igot.plt      0x00000000        0x0 c:/program files (x86)/atmel/atmel toolchain/arm gcc/native/4.8.1443/arm-gnu-toolchain/bin/../lib/gcc/arm-none-eabi/4.8.4/armv7-m/crtbegin.o

.ARM.exidx
 *(.ARM.exidx* .gnu.linkonce.armexidx.*)
                0x0008235c                PROVIDE (__exidx_end, .)
                0x0008235c                . = ALIGN (0x4)
                0x0008235c                _etext = .

.relocate       0x20000000       0x6c load address 0x0008235c
                0x20000000                . = ALIGN (0x4)
                0x20000000                _srelocate = .
 *(.ramfunc .ramfunc.*)
 *(.data .data.*)
 .data.SystemCoreClock
                0x20000000        0x4 cmsis/src/system_sam3xa.o
                0x20000000                SystemCoreClock
 .data.__fdlib_version
                0x20000004        0x1 c:/program files (x86)/atmel/atmel toolchain/arm gcc/native/4.8.1443/arm-gnu-toolchain/bin/../lib/gcc/arm-none-eabi/4.8.4/../../../../arm-none-eabi/lib/armv7-m\libm.a(lib_a-s_lib_ver.o)
                0x20000004                __fdlib_version
 *fill*         0x20000005        0x3 
 .data.impure_data
                0x20000008       0x60 c:/program files (x86)/atmel/atmel toolchain/arm gcc/native/4.8.1443/arm-gnu-toolchain/bin/../lib/gcc/arm-none-eabi/4.8.4/../../../../arm-none-eabi/lib/armv7-m\libc_s.a(lib_a-impure.o)
 .data._impure_ptr
                0x20000068        0x4 c:/program files (x86)/atmel/atmel toolchain/arm gcc/native/4.8.1443/arm-gnu-toolchain/bin/../lib/gcc/arm-none-eabi/4.8.4/../../../../arm-none-eabi/lib/armv7-m\libc_s.a(lib_a-impure.o)
                0x20000068                _impure_ptr
                0x2000006c                . = ALIGN (0x4)
                0x2000006c                _erelocate = .

.bss            0x2000006c      0x260 load address 0x000823c8
                0x2000006c                . = ALIGN (0x4)
                0x2000006c                _sbss = .
                0x2000006c                _szero = .
 *(.bss .bss.*)
 .bss           0x2000006c       0x1c c:/program files (x86)/atmel/atmel toolchain/arm gcc/native/4.8.1443/arm-gnu-toolchain/bin/../lib/gcc/arm-none-eabi/4.8.4/armv7-m/crtbegin.o
 .bss.__due_tc0_callback
                0x20000088        0x4 DueRev1.o
                0x20000088                __due_tc0_callback
 .bss.__isr_enabled_mask
                0x2000008c        0x1 DueRev1.o
                0x2000008c                __isr_enabled_mask
 *fill*         0x2000008d        0x3 
 .bss.__isr_a   0x20000090       0x80 DueRev1.o
                0x20000090                __isr_a
 .bss.__isr_b   0x20000110       0x80 DueRev1.o
                0x20000110                __isr_b
 .bss.__isr_c   0x20000190       0x80 DueRev1.o
                0x20000190                __isr_c
 .bss.__isr_d   0x20000210       0x80 DueRev1.o
                0x20000210                __isr_d
 .bss._ZZN7SSD13058InstanceEvE8instance
                0x20000290        0x4 lib/Display.o
                0x20000290                SSD1305::Instance()::instance
 .bss._ZGVZN7SSD13058InstanceEvE8instance
                0x20000294        0x4 lib/Display.o
                0x20000294                guard variable for SSD1305::Instance()::instance
 .bss._ZZN8Encoders8InstanceEvE8instance
                0x20000298       0x18 lib/driver/Encoders.o
                0x20000298                Encoders::Instance()::instance
 .bss._ZGVZN8Encoders8InstanceEvE8instance
                0x200002b0        0x4 lib/driver/Encoders.o
                0x200002b0                guard variable for Encoders::Instance()::instance
 .bss._ZZN3SPI8InstanceEvE8instance
                0x200002b4       0x10 lib/driver/SSD1305.o
                0x200002b4                SPI::Instance()::instance
 .bss._ZGVZN3SPI8InstanceEvE8instance
                0x200002c4        0x4 lib/driver/SSD1305.o
                0x200002c4                guard variable for SPI::Instance()::instance
 *(COMMON)
 COMMON         0x200002c8        0x4 c:/program files (x86)/atmel/atmel toolchain/arm gcc/native/4.8.1443/arm-gnu-toolchain/bin/../lib/gcc/arm-none-eabi/4.8.4/../../../../arm-none-eabi/lib/armv7-m\libc_s.a(lib_a-reent.o)
                0x200002c8                errno
                0x200002cc                . = ALIGN (0x4)
                0x200002cc                _ebss = .
                0x200002cc                _ezero = .

.stack          0x200002cc     0x9004 load address 0x00082628
                0x200002d0                . = ALIGN (0x8)
 *fill*         0x200002cc        0x4 
                0x200002d0                _sstack = .
                0x200092d0                . = (. + STACK_SIZE)
 *fill*         0x200002d0     0x9000 
                0x200092d0                . = ALIGN (0x8)
                0x200092d0                _estack = .

.heap           0x200092d0     0x2000 load address 0x0008b62c
                0x200092d0                . = ALIGN (0x8)
                0x200092d0                _sheap = .
                0x2000b2d0                . = (. + HEAP_SIZE)
 *fill*         0x200092d0     0x2000 
                0x2000b2d0                . = ALIGN (0x8)
                0x2000b2d0                _eheap = .
                0x2000b2d0                . = ALIGN (0x4)
                0x2000b2d0                _end = .
                0x20000000                end = ORIGIN (ram)
                0x20017fff                _ram_end_ = ((ORIGIN (ram) + 0x18000) - 0x1)
OUTPUT(OshStep.elf elf32-littlearm)

.ARM.attributes
                0x00000000       0x29
 .ARM.attributes
                0x00000000       0x1d c:/program files (x86)/atmel/atmel toolchain/arm gcc/native/4.8.1443/arm-gnu-toolchain/bin/../lib/gcc/arm-none-eabi/4.8.4/armv7-m/crti.o
 .ARM.attributes
                0x0000001d       0x2d c:/program files (x86)/atmel/atmel toolchain/arm gcc/native/4.8.1443/arm-gnu-toolchain/bin/../lib/gcc/arm-none-eabi/4.8.4/armv7-m/crtbegin.o
 .ARM.attributes
                0x0000004a       0x33 cmsis/src/startup_sam3xa.o
 .ARM.attributes
                0x0000007d       0x33 cmsis/src/system_sam3xa.o
 .ARM.attributes
                0x000000b0       0x33 DueRev1.o
 .ARM.attributes
                0x000000e3       0x33 lib/Display.o
 .ARM.attributes
                0x00000116       0x33 lib/display/Bitmap.o
 .ARM.attributes
                0x00000149       0x33 lib/driver/Encoders.o
 .ARM.attributes
                0x0000017c       0x33 lib/driver/parameter/SSD1305Params.o
 .ARM.attributes
                0x000001af       0x33 lib/driver/SPI.o
 .ARM.attributes
                0x000001e2       0x33 lib/driver/SSD1305.o
 .ARM.attributes
                0x00000215       0x33 main.o
 .ARM.attributes
                0x00000248       0x2d c:/program files (x86)/atmel/atmel toolchain/arm gcc/native/4.8.1443/arm-gnu-toolchain/bin/../lib/gcc/arm-none-eabi/4.8.4/../../../../arm-none-eabi/lib/armv7-m\libstdc++_s.a(guard.o)
 .ARM.attributes
                0x00000275       0x2d c:/program files (x86)/atmel/atmel toolchain/arm gcc/native/4.8.1443/arm-gnu-toolchain/bin/../lib/gcc/arm-none-eabi/4.8.4/../../../../arm-none-eabi/lib/armv7-m\libm.a(lib_a-s_log2.o)
 .ARM.attributes
                0x000002a2       0x2d c:/program files (x86)/atmel/atmel toolchain/arm gcc/native/4.8.1443/arm-gnu-toolchain/bin/../lib/gcc/arm-none-eabi/4.8.4/../../../../arm-none-eabi/lib/armv7-m\libm.a(lib_a-w_log.o)
 .ARM.attributes
                0x000002cf       0x2d c:/program files (x86)/atmel/atmel toolchain/arm gcc/native/4.8.1443/arm-gnu-toolchain/bin/../lib/gcc/arm-none-eabi/4.8.4/../../../../arm-none-eabi/lib/armv7-m\libm.a(lib_a-e_log.o)
 .ARM.attributes
                0x000002fc       0x2d c:/program files (x86)/atmel/atmel toolchain/arm gcc/native/4.8.1443/arm-gnu-toolchain/bin/../lib/gcc/arm-none-eabi/4.8.4/../../../../arm-none-eabi/lib/armv7-m\libm.a(lib_a-s_fpclassify.o)
 .ARM.attributes
                0x00000329       0x2d c:/program files (x86)/atmel/atmel toolchain/arm gcc/native/4.8.1443/arm-gnu-toolchain/bin/../lib/gcc/arm-none-eabi/4.8.4/../../../../arm-none-eabi/lib/armv7-m\libm.a(lib_a-s_lib_ver.o)
 .ARM.attributes
                0x00000356       0x2d c:/program files (x86)/atmel/atmel toolchain/arm gcc/native/4.8.1443/arm-gnu-toolchain/bin/../lib/gcc/arm-none-eabi/4.8.4/../../../../arm-none-eabi/lib/armv7-m\libm.a(lib_a-s_matherr.o)
 .ARM.attributes
                0x00000383       0x2d c:/program files (x86)/atmel/atmel toolchain/arm gcc/native/4.8.1443/arm-gnu-toolchain/bin/../lib/gcc/arm-none-eabi/4.8.4/../../../../arm-none-eabi/lib/armv7-m\libm.a(lib_a-s_nan.o)
 .ARM.attributes
                0x000003b0       0x1d c:/program files (x86)/atmel/atmel toolchain/arm gcc/native/4.8.1443/arm-gnu-toolchain/bin/../lib/gcc/arm-none-eabi/4.8.4/armv7-m\libgcc.a(_arm_addsubdf3.o)
 .ARM.attributes
                0x000003cd       0x1d c:/program files (x86)/atmel/atmel toolchain/arm gcc/native/4.8.1443/arm-gnu-toolchain/bin/../lib/gcc/arm-none-eabi/4.8.4/armv7-m\libgcc.a(_arm_muldivdf3.o)
 .ARM.attributes
                0x000003ea       0x1d c:/program files (x86)/atmel/atmel toolchain/arm gcc/native/4.8.1443/arm-gnu-toolchain/bin/../lib/gcc/arm-none-eabi/4.8.4/armv7-m\libgcc.a(_arm_cmpdf2.o)
 .ARM.attributes
                0x00000407       0x1d c:/program files (x86)/atmel/atmel toolchain/arm gcc/native/4.8.1443/arm-gnu-toolchain/bin/../lib/gcc/arm-none-eabi/4.8.4/armv7-m\libgcc.a(_arm_fixdfsi.o)
 .ARM.attributes
                0x00000424       0x2d c:/program files (x86)/atmel/atmel toolchain/arm gcc/native/4.8.1443/arm-gnu-toolchain/bin/../lib/gcc/arm-none-eabi/4.8.4/../../../../arm-none-eabi/lib/armv7-m\libc_s.a(lib_a-abort.o)
 .ARM.attributes
                0x00000451       0x2d c:/program files (x86)/atmel/atmel toolchain/arm gcc/native/4.8.1443/arm-gnu-toolchain/bin/../lib/gcc/arm-none-eabi/4.8.4/../../../../arm-none-eabi/lib/armv7-m\libc_s.a(lib_a-errno.o)
 .ARM.attributes
                0x0000047e       0x2d c:/program files (x86)/atmel/atmel toolchain/arm gcc/native/4.8.1443/arm-gnu-toolchain/bin/../lib/gcc/arm-none-eabi/4.8.4/../../../../arm-none-eabi/lib/armv7-m\libc_s.a(lib_a-impure.o)
 .ARM.attributes
                0x000004ab       0x2d c:/program files (x86)/atmel/atmel toolchain/arm gcc/native/4.8.1443/arm-gnu-toolchain/bin/../lib/gcc/arm-none-eabi/4.8.4/../../../../arm-none-eabi/lib/armv7-m\libc_s.a(lib_a-init.o)
 .ARM.attributes
                0x000004d8       0x2d c:/program files (x86)/atmel/atmel toolchain/arm gcc/native/4.8.1443/arm-gnu-toolchain/bin/../lib/gcc/arm-none-eabi/4.8.4/../../../../arm-none-eabi/lib/armv7-m\libc_s.a(lib_a-memcpy-stub.o)
 .ARM.attributes
                0x00000505       0x2d c:/program files (x86)/atmel/atmel toolchain/arm gcc/native/4.8.1443/arm-gnu-toolchain/bin/../lib/gcc/arm-none-eabi/4.8.4/../../../../arm-none-eabi/lib/armv7-m\libc_s.a(lib_a-signal.o)
 .ARM.attributes
                0x00000532       0x2d c:/program files (x86)/atmel/atmel toolchain/arm gcc/native/4.8.1443/arm-gnu-toolchain/bin/../lib/gcc/arm-none-eabi/4.8.4/../../../../arm-none-eabi/lib/armv7-m\libc_s.a(lib_a-signalr.o)
 .ARM.attributes
                0x0000055f       0x2d c:/program files (x86)/atmel/atmel toolchain/arm gcc/native/4.8.1443/arm-gnu-toolchain/bin/../lib/gcc/arm-none-eabi/4.8.4/../../../../arm-none-eabi/lib/armv7-m\libc_s.a(lib_a-reent.o)
 .ARM.attributes
                0x0000058c       0x2d c:/program files (x86)/atmel/atmel toolchain/arm gcc/native/4.8.1443/arm-gnu-toolchain/bin/../lib/gcc/arm-none-eabi/4.8.4/../../../../arm-none-eabi/lib/armv7-m\libnosys.a(getpid.o)
 .ARM.attributes
                0x000005b9       0x2d c:/program files (x86)/atmel/atmel toolchain/arm gcc/native/4.8.1443/arm-gnu-toolchain/bin/../lib/gcc/arm-none-eabi/4.8.4/../../../../arm-none-eabi/lib/armv7-m\libnosys.a(kill.o)
 .ARM.attributes
                0x000005e6       0x2d c:/program files (x86)/atmel/atmel toolchain/arm gcc/native/4.8.1443/arm-gnu-toolchain/bin/../lib/gcc/arm-none-eabi/4.8.4/../../../../arm-none-eabi/lib/armv7-m\libnosys.a(_exit.o)
 .ARM.attributes
                0x00000613       0x1d c:/program files (x86)/atmel/atmel toolchain/arm gcc/native/4.8.1443/arm-gnu-toolchain/bin/../lib/gcc/arm-none-eabi/4.8.4/armv7-m/crtn.o

.comment        0x00000000       0x5b
 .comment       0x00000000       0x5b cmsis/src/startup_sam3xa.o
                                 0x5c (size before relaxing)
 .comment       0x00000000       0x5c cmsis/src/system_sam3xa.o
 .comment       0x00000000       0x5c DueRev1.o
 .comment       0x00000000       0x5c lib/Display.o
 .comment       0x00000000       0x5c lib/display/Bitmap.o
 .comment       0x00000000       0x5c lib/driver/Encoders.o
 .comment       0x00000000       0x5c lib/driver/parameter/SSD1305Params.o
 .comment       0x00000000       0x5c lib/driver/SPI.o
 .comment       0x00000000       0x5c lib/driver/SSD1305.o
 .comment       0x00000000       0x5c main.o

.debug_info     0x00000000     0x6976
 .debug_info    0x00000000      0x6f0 cmsis/src/startup_sam3xa.o
 .debug_info    0x000006f0      0x451 cmsis/src/system_sam3xa.o
 .debug_info    0x00000b41     0x1078 DueRev1.o
 .debug_info    0x00001bb9     0x11de lib/Display.o
 .debug_info    0x00002d97      0xb8a lib/display/Bitmap.o
 .debug_info    0x00003921      0x93a lib/driver/Encoders.o
 .debug_info    0x0000425b      0x309 lib/driver/parameter/SSD1305Params.o
 .debug_info    0x00004564      0xb1a lib/driver/SPI.o
 .debug_info    0x0000507e      0xd80 lib/driver/SSD1305.o
 .debug_info    0x00005dfe      0xb78 main.o

.debug_abbrev   0x00000000     0x1cc4
 .debug_abbrev  0x00000000      0x13f cmsis/src/startup_sam3xa.o
 .debug_abbrev  0x0000013f      0x10d cmsis/src/system_sam3xa.o
 .debug_abbrev  0x0000024c      0x34a DueRev1.o
 .debug_abbrev  0x00000596      0x43c lib/Display.o
 .debug_abbrev  0x000009d2      0x2d2 lib/display/Bitmap.o
 .debug_abbrev  0x00000ca4      0x343 lib/driver/Encoders.o
 .debug_abbrev  0x00000fe7      0x1c5 lib/driver/parameter/SSD1305Params.o
 .debug_abbrev  0x000011ac      0x365 lib/driver/SPI.o
 .debug_abbrev  0x00001511      0x3c7 lib/driver/SSD1305.o
 .debug_abbrev  0x000018d8      0x3ec main.o

.debug_loc      0x00000000     0x21a2
 .debug_loc     0x00000000       0xa1 cmsis/src/startup_sam3xa.o
 .debug_loc     0x000000a1       0x20 cmsis/src/system_sam3xa.o
 .debug_loc     0x000000c1      0x8cd DueRev1.o
 .debug_loc     0x0000098e      0xb38 lib/Display.o
 .debug_loc     0x000014c6      0x4c0 lib/display/Bitmap.o
 .debug_loc     0x00001986      0x2c5 lib/driver/Encoders.o
 .debug_loc     0x00001c4b       0xe4 lib/driver/parameter/SSD1305Params.o
 .debug_loc     0x00001d2f      0x192 lib/driver/SPI.o
 .debug_loc     0x00001ec1      0x269 lib/driver/SSD1305.o
 .debug_loc     0x0000212a       0x78 main.o

.debug_aranges  0x00000000      0x318
 .debug_aranges
                0x00000000       0x28 cmsis/src/startup_sam3xa.o
 .debug_aranges
                0x00000028       0x30 cmsis/src/system_sam3xa.o
 .debug_aranges
                0x00000058       0x88 DueRev1.o
 .debug_aranges
                0x000000e0       0x70 lib/Display.o
 .debug_aranges
                0x00000150       0x90 lib/display/Bitmap.o
 .debug_aranges
                0x000001e0       0x50 lib/driver/Encoders.o
 .debug_aranges
                0x00000230       0x38 lib/driver/parameter/SSD1305Params.o
 .debug_aranges
                0x00000268       0x40 lib/driver/SPI.o
 .debug_aranges
                0x000002a8       0x48 lib/driver/SSD1305.o
 .debug_aranges
                0x000002f0       0x28 main.o

.debug_ranges   0x00000000      0x440
 .debug_ranges  0x00000000       0x18 cmsis/src/startup_sam3xa.o
 .debug_ranges  0x00000018       0x20 cmsis/src/system_sam3xa.o
 .debug_ranges  0x00000038       0x90 DueRev1.o
 .debug_ranges  0x000000c8       0xf0 lib/Display.o
 .debug_ranges  0x000001b8       0xb0 lib/display/Bitmap.o
 .debug_ranges  0x00000268       0x90 lib/driver/Encoders.o
 .debug_ranges  0x000002f8       0x28 lib/driver/parameter/SSD1305Params.o
 .debug_ranges  0x00000320       0x48 lib/driver/SPI.o
 .debug_ranges  0x00000368       0x90 lib/driver/SSD1305.o
 .debug_ranges  0x000003f8       0x48 main.o

.debug_macro    0x00000000    0x13563
 .debug_macro   0x00000000      0x332 cmsis/src/startup_sam3xa.o
 .debug_macro   0x00000332      0x86e cmsis/src/startup_sam3xa.o
 .debug_macro   0x00000ba0       0x16 cmsis/src/startup_sam3xa.o
 .debug_macro   0x00000bb6       0x44 cmsis/src/startup_sam3xa.o
 .debug_macro   0x00000bfa      0x209 cmsis/src/startup_sam3xa.o
 .debug_macro   0x00000e03       0x20 cmsis/src/startup_sam3xa.o
 .debug_macro   0x00000e23       0x3a cmsis/src/startup_sam3xa.o
 .debug_macro   0x00000e5d       0x2d cmsis/src/startup_sam3xa.o
 .debug_macro   0x00000e8a      0xbb1 cmsis/src/startup_sam3xa.o
 .debug_macro   0x00001a3b      0xa7d cmsis/src/startup_sam3xa.o
 .debug_macro   0x000024b8      0x55a cmsis/src/startup_sam3xa.o
 .debug_macro   0x00002a12      0x1a8 cmsis/src/startup_sam3xa.o
 .debug_macro   0x00002bba      0x30b cmsis/src/startup_sam3xa.o
 .debug_macro   0x00002ec5      0x709 cmsis/src/startup_sam3xa.o
 .debug_macro   0x000035ce       0xd6 cmsis/src/startup_sam3xa.o
 .debug_macro   0x000036a4      0x56c cmsis/src/startup_sam3xa.o
 .debug_macro   0x00003c10       0x1c cmsis/src/startup_sam3xa.o
 .debug_macro   0x00003c2c      0x678 cmsis/src/startup_sam3xa.o
 .debug_macro   0x000042a4      0x51e cmsis/src/startup_sam3xa.o
 .debug_macro   0x000047c2       0xbe cmsis/src/startup_sam3xa.o
 .debug_macro   0x00004880     0x2333 cmsis/src/startup_sam3xa.o
 .debug_macro   0x00006bb3      0x7d1 cmsis/src/startup_sam3xa.o
 .debug_macro   0x00007384      0xdbb cmsis/src/startup_sam3xa.o
 .debug_macro   0x0000813f       0x9a cmsis/src/startup_sam3xa.o
 .debug_macro   0x000081d9      0x29c cmsis/src/startup_sam3xa.o
 .debug_macro   0x00008475       0x58 cmsis/src/startup_sam3xa.o
 .debug_macro   0x000084cd      0x999 cmsis/src/startup_sam3xa.o
 .debug_macro   0x00008e66      0x22d cmsis/src/startup_sam3xa.o
 .debug_macro   0x00009093      0x4b4 cmsis/src/startup_sam3xa.o
 .debug_macro   0x00009547      0x64a cmsis/src/startup_sam3xa.o
 .debug_macro   0x00009b91      0x590 cmsis/src/startup_sam3xa.o
 .debug_macro   0x0000a121       0x46 cmsis/src/startup_sam3xa.o
 .debug_macro   0x0000a167      0x33f cmsis/src/startup_sam3xa.o
 .debug_macro   0x0000a4a6      0x27e cmsis/src/startup_sam3xa.o
 .debug_macro   0x0000a724     0x14dc cmsis/src/startup_sam3xa.o
 .debug_macro   0x0000bc00      0x7cf cmsis/src/startup_sam3xa.o
 .debug_macro   0x0000c3cf       0x76 cmsis/src/startup_sam3xa.o
 .debug_macro   0x0000c445       0x82 cmsis/src/startup_sam3xa.o
 .debug_macro   0x0000c4c7       0x76 cmsis/src/startup_sam3xa.o
 .debug_macro   0x0000c53d       0x4c cmsis/src/startup_sam3xa.o
 .debug_macro   0x0000c589      0x100 cmsis/src/startup_sam3xa.o
 .debug_macro   0x0000c689      0x100 cmsis/src/startup_sam3xa.o
 .debug_macro   0x0000c789      0x100 cmsis/src/startup_sam3xa.o
 .debug_macro   0x0000c889       0x88 cmsis/src/startup_sam3xa.o
 .debug_macro   0x0000c911       0x88 cmsis/src/startup_sam3xa.o
 .debug_macro   0x0000c999      0x3b4 cmsis/src/startup_sam3xa.o
 .debug_macro   0x0000cd4d       0xbe cmsis/src/startup_sam3xa.o
 .debug_macro   0x0000ce0b       0xbe cmsis/src/startup_sam3xa.o
 .debug_macro   0x0000cec9       0xbe cmsis/src/startup_sam3xa.o
 .debug_macro   0x0000cf87       0xbe cmsis/src/startup_sam3xa.o
 .debug_macro   0x0000d045      0x2b8 cmsis/src/startup_sam3xa.o
 .debug_macro   0x0000d2fd      0x118 cmsis/src/startup_sam3xa.o
 .debug_macro   0x0000d415      0x216 cmsis/src/startup_sam3xa.o
 .debug_macro   0x0000d62b      0x216 cmsis/src/startup_sam3xa.o
 .debug_macro   0x0000d841       0x2e cmsis/src/startup_sam3xa.o
 .debug_macro   0x0000d86f       0xac cmsis/src/startup_sam3xa.o
 .debug_macro   0x0000d91b      0x13e cmsis/src/startup_sam3xa.o
 .debug_macro   0x0000da59       0x7c cmsis/src/startup_sam3xa.o
 .debug_macro   0x0000dad5      0x1f6 cmsis/src/startup_sam3xa.o
 .debug_macro   0x0000dccb       0x64 cmsis/src/startup_sam3xa.o
 .debug_macro   0x0000dd2f       0xa6 cmsis/src/startup_sam3xa.o
 .debug_macro   0x0000ddd5       0x7c cmsis/src/startup_sam3xa.o
 .debug_macro   0x0000de51       0x16 cmsis/src/startup_sam3xa.o
 .debug_macro   0x0000de67       0x22 cmsis/src/startup_sam3xa.o
 .debug_macro   0x0000de89       0x22 cmsis/src/startup_sam3xa.o
 .debug_macro   0x0000deab      0x10c cmsis/src/startup_sam3xa.o
 .debug_macro   0x0000dfb7      0x10c cmsis/src/startup_sam3xa.o
 .debug_macro   0x0000e0c3      0x10c cmsis/src/startup_sam3xa.o
 .debug_macro   0x0000e1cf      0x10c cmsis/src/startup_sam3xa.o
 .debug_macro   0x0000e2db       0x1c cmsis/src/startup_sam3xa.o
 .debug_macro   0x0000e2f7       0x2e cmsis/src/startup_sam3xa.o
 .debug_macro   0x0000e325       0x22 cmsis/src/startup_sam3xa.o
 .debug_macro   0x0000e347       0x1c cmsis/src/startup_sam3xa.o
 .debug_macro   0x0000e363       0x58 cmsis/src/startup_sam3xa.o
 .debug_macro   0x0000e3bb       0x10 cmsis/src/startup_sam3xa.o
 .debug_macro   0x0000e3cb      0x27a cmsis/src/startup_sam3xa.o
 .debug_macro   0x0000e645      0xd34 cmsis/src/startup_sam3xa.o
 .debug_macro   0x0000f379      0x170 cmsis/src/startup_sam3xa.o
 .debug_macro   0x0000f4e9      0x344 cmsis/src/system_sam3xa.o
 .debug_macro   0x0000f82d      0x48b DueRev1.o
 .debug_macro   0x0000fcb8      0x87a DueRev1.o
 .debug_macro   0x00010532      0x606 DueRev1.o
 .debug_macro   0x00010b38       0x1c DueRev1.o
 .debug_macro   0x00010b54      0xbb1 DueRev1.o
 .debug_macro   0x00011705       0x3a DueRev1.o
 .debug_macro   0x0001173f       0x58 DueRev1.o
 .debug_macro   0x00011797       0x35 DueRev1.o
 .debug_macro   0x000117cc       0xa3 DueRev1.o
 .debug_macro   0x0001186f       0x16 DueRev1.o
 .debug_macro   0x00011885      0x10e DueRev1.o
 .debug_macro   0x00011993       0x8d DueRev1.o
 .debug_macro   0x00011a20       0x52 DueRev1.o
 .debug_macro   0x00011a72       0x16 DueRev1.o
 .debug_macro   0x00011a88       0x43 DueRev1.o
 .debug_macro   0x00011acb      0x180 DueRev1.o
 .debug_macro   0x00011c4b       0x22 DueRev1.o
 .debug_macro   0x00011c6d       0xef DueRev1.o
 .debug_macro   0x00011d5c      0x329 DueRev1.o
 .debug_macro   0x00012085       0xd7 DueRev1.o
 .debug_macro   0x0001215c       0xee DueRev1.o
 .debug_macro   0x0001224a      0x18e lib/Display.o
 .debug_macro   0x000123d8       0x16 lib/Display.o
 .debug_macro   0x000123ee       0x10 lib/Display.o
 .debug_macro   0x000123fe      0x15f lib/display/Bitmap.o
 .debug_macro   0x0001255d      0x17d lib/driver/Encoders.o
 .debug_macro   0x000126da       0x34 lib/driver/Encoders.o
 .debug_macro   0x0001270e       0x1c lib/driver/Encoders.o
 .debug_macro   0x0001272a       0x35 lib/driver/Encoders.o
 .debug_macro   0x0001275f       0x10 lib/driver/Encoders.o
 .debug_macro   0x0001276f       0x10 lib/driver/Encoders.o
 .debug_macro   0x0001277f       0x22 lib/driver/Encoders.o
 .debug_macro   0x000127a1       0xbd lib/driver/Encoders.o
 .debug_macro   0x0001285e       0x16 lib/driver/Encoders.o
 .debug_macro   0x00012874      0x14a lib/driver/Encoders.o
 .debug_macro   0x000129be      0x15b lib/driver/parameter/SSD1305Params.o
 .debug_macro   0x00012b19      0x43a lib/driver/SPI.o
 .debug_macro   0x00012f53       0x26 lib/driver/SPI.o
 .debug_macro   0x00012f79      0x155 lib/driver/SSD1305.o
 .debug_macro   0x000130ce      0x495 main.o

.debug_line     0x00000000     0x4c21
 .debug_line    0x00000000      0x79e cmsis/src/startup_sam3xa.o
 .debug_line    0x0000079e      0x7ec cmsis/src/system_sam3xa.o
 .debug_line    0x00000f8a      0xd03 DueRev1.o
 .debug_line    0x00001c8d      0x6bc lib/Display.o
 .debug_line    0x00002349      0x646 lib/display/Bitmap.o
 .debug_line    0x0000298f      0x4f6 lib/driver/Encoders.o
 .debug_line    0x00002e85      0x491 lib/driver/parameter/SSD1305Params.o
 .debug_line    0x00003316      0x9a9 lib/driver/SPI.o
 .debug_line    0x00003cbf      0x506 lib/driver/SSD1305.o
 .debug_line    0x000041c5      0xa5c main.o

.debug_str      0x00000000    0x56e35
 .debug_str     0x00000000    0x4e3fe cmsis/src/startup_sam3xa.o
                              0x4e5a5 (size before relaxing)
 .debug_str     0x0004e3fe      0x2d2 cmsis/src/system_sam3xa.o
                              0x4e36f (size before relaxing)
 .debug_str     0x0004e6d0     0x72c6 DueRev1.o
                              0x553de (size before relaxing)
 .debug_str     0x00055996      0x5d6 lib/Display.o
                               0x535a (size before relaxing)
 .debug_str     0x00055f6c       0x8c lib/display/Bitmap.o
                               0x4a5c (size before relaxing)
 .debug_str     0x00055ff8      0xbb3 lib/driver/Encoders.o
                               0x53e1 (size before relaxing)
 .debug_str     0x00056bab       0x64 lib/driver/parameter/SSD1305Params.o
                               0x48af (size before relaxing)
 .debug_str     0x00056c0f      0x159 lib/driver/SPI.o
                              0x53712 (size before relaxing)
 .debug_str     0x00056d68       0xaf lib/driver/SSD1305.o
                               0x4a8b (size before relaxing)
 .debug_str     0x00056e17       0x1e main.o
                              0x538d6 (size before relaxing)

.debug_frame    0x00000000      0xa64
 .debug_frame   0x00000000       0x38 cmsis/src/startup_sam3xa.o
 .debug_frame   0x00000038       0x48 cmsis/src/system_sam3xa.o
 .debug_frame   0x00000080      0x12c DueRev1.o
 .debug_frame   0x000001ac      0x164 lib/Display.o
 .debug_frame   0x00000310      0x150 lib/display/Bitmap.o
 .debug_frame   0x00000460       0xb8 lib/driver/Encoders.o
 .debug_frame   0x00000518       0x58 lib/driver/parameter/SSD1305Params.o
 .debug_frame   0x00000570       0x78 lib/driver/SPI.o
 .debug_frame   0x000005e8       0xac lib/driver/SSD1305.o
 .debug_frame   0x00000694       0x4c main.o
 .debug_frame   0x000006e0       0x48 c:/program files (x86)/atmel/atmel toolchain/arm gcc/native/4.8.1443/arm-gnu-toolchain/bin/../lib/gcc/arm-none-eabi/4.8.4/../../../../arm-none-eabi/lib/armv7-m\libstdc++_s.a(guard.o)
 .debug_frame   0x00000728       0x28 c:/program files (x86)/atmel/atmel toolchain/arm gcc/native/4.8.1443/arm-gnu-toolchain/bin/../lib/gcc/arm-none-eabi/4.8.4/../../../../arm-none-eabi/lib/armv7-m\libm.a(lib_a-s_log2.o)
 .debug_frame   0x00000750       0x34 c:/program files (x86)/atmel/atmel toolchain/arm gcc/native/4.8.1443/arm-gnu-toolchain/bin/../lib/gcc/arm-none-eabi/4.8.4/../../../../arm-none-eabi/lib/armv7-m\libm.a(lib_a-w_log.o)
 .debug_frame   0x00000784       0x38 c:/program files (x86)/atmel/atmel toolchain/arm gcc/native/4.8.1443/arm-gnu-toolchain/bin/../lib/gcc/arm-none-eabi/4.8.4/../../../../arm-none-eabi/lib/armv7-m\libm.a(lib_a-e_log.o)
 .debug_frame   0x000007bc       0x28 c:/program files (x86)/atmel/atmel toolchain/arm gcc/native/4.8.1443/arm-gnu-toolchain/bin/../lib/gcc/arm-none-eabi/4.8.4/../../../../arm-none-eabi/lib/armv7-m\libm.a(lib_a-s_fpclassify.o)
 .debug_frame   0x000007e4       0x20 c:/program files (x86)/atmel/atmel toolchain/arm gcc/native/4.8.1443/arm-gnu-toolchain/bin/../lib/gcc/arm-none-eabi/4.8.4/../../../../arm-none-eabi/lib/armv7-m\libm.a(lib_a-s_matherr.o)
 .debug_frame   0x00000804       0x20 c:/program files (x86)/atmel/atmel toolchain/arm gcc/native/4.8.1443/arm-gnu-toolchain/bin/../lib/gcc/arm-none-eabi/4.8.4/../../../../arm-none-eabi/lib/armv7-m\libm.a(lib_a-s_nan.o)
 .debug_frame   0x00000824       0x28 c:/program files (x86)/atmel/atmel toolchain/arm gcc/native/4.8.1443/arm-gnu-toolchain/bin/../lib/gcc/arm-none-eabi/4.8.4/../../../../arm-none-eabi/lib/armv7-m\libc_s.a(lib_a-abort.o)
 .debug_frame   0x0000084c       0x20 c:/program files (x86)/atmel/atmel toolchain/arm gcc/native/4.8.1443/arm-gnu-toolchain/bin/../lib/gcc/arm-none-eabi/4.8.4/../../../../arm-none-eabi/lib/armv7-m\libc_s.a(lib_a-errno.o)
 .debug_frame   0x0000086c       0x2c c:/program files (x86)/atmel/atmel toolchain/arm gcc/native/4.8.1443/arm-gnu-toolchain/bin/../lib/gcc/arm-none-eabi/4.8.4/../../../../arm-none-eabi/lib/armv7-m\libc_s.a(lib_a-init.o)
 .debug_frame   0x00000898       0x28 c:/program files (x86)/atmel/atmel toolchain/arm gcc/native/4.8.1443/arm-gnu-toolchain/bin/../lib/gcc/arm-none-eabi/4.8.4/../../../../arm-none-eabi/lib/armv7-m\libc_s.a(lib_a-memcpy-stub.o)
 .debug_frame   0x000008c0       0xc0 c:/program files (x86)/atmel/atmel toolchain/arm gcc/native/4.8.1443/arm-gnu-toolchain/bin/../lib/gcc/arm-none-eabi/4.8.4/../../../../arm-none-eabi/lib/armv7-m\libc_s.a(lib_a-signal.o)
 .debug_frame   0x00000980       0x3c c:/program files (x86)/atmel/atmel toolchain/arm gcc/native/4.8.1443/arm-gnu-toolchain/bin/../lib/gcc/arm-none-eabi/4.8.4/../../../../arm-none-eabi/lib/armv7-m\libc_s.a(lib_a-signalr.o)
 .debug_frame   0x000009bc       0x48 c:/program files (x86)/atmel/atmel toolchain/arm gcc/native/4.8.1443/arm-gnu-toolchain/bin/../lib/gcc/arm-none-eabi/4.8.4/../../../../arm-none-eabi/lib/armv7-m\libc_s.a(lib_a-reent.o)
 .debug_frame   0x00000a04       0x20 c:/program files (x86)/atmel/atmel toolchain/arm gcc/native/4.8.1443/arm-gnu-toolchain/bin/../lib/gcc/arm-none-eabi/4.8.4/../../../../arm-none-eabi/lib/armv7-m\libnosys.a(getpid.o)
 .debug_frame   0x00000a24       0x20 c:/program files (x86)/atmel/atmel toolchain/arm gcc/native/4.8.1443/arm-gnu-toolchain/bin/../lib/gcc/arm-none-eabi/4.8.4/../../../../arm-none-eabi/lib/armv7-m\libnosys.a(kill.o)
 .debug_frame   0x00000a44       0x20 c:/program files (x86)/atmel/atmel toolchain/arm gcc/native/4.8.1443/arm-gnu-toolchain/bin/../lib/gcc/arm-none-eabi/4.8.4/../../../../arm-none-eabi/lib/armv7-m\libnosys.a(_exit.o)

.stab           0x00000000       0x3c
 .stab          0x00000000       0x24 c:/program files (x86)/atmel/atmel toolchain/arm gcc/native/4.8.1443/arm-gnu-toolchain/bin/../lib/gcc/arm-none-eabi/4.8.4/../../../../arm-none-eabi/lib/armv7-m\libnosys.a(getpid.o)
 .stab          0x00000024       0x18 c:/program files (x86)/atmel/atmel toolchain/arm gcc/native/4.8.1443/arm-gnu-toolchain/bin/../lib/gcc/arm-none-eabi/4.8.4/../../../../arm-none-eabi/lib/armv7-m\libnosys.a(kill.o)
                                 0x24 (size before relaxing)

.stabstr        0x00000000       0x76
 .stabstr       0x00000000       0x76 c:/program files (x86)/atmel/atmel toolchain/arm gcc/native/4.8.1443/arm-gnu-toolchain/bin/../lib/gcc/arm-none-eabi/4.8.4/../../../../arm-none-eabi/lib/armv7-m\libnosys.a(getpid.o)
